// Jest Snapshot v1, https://goo.gl/fbAQLP

exports[`<ManagementScreenContent /> renders as expected 1`] = `
<div
  className="iap-management-content"
/>
`;
