// Jest Snapshot v1, https://goo.gl/fbAQLP

exports[`<ManagementScreenLayout /> renders as expected 1`] = `
<div
  className="iap-management-layout"
/>
`;
