// Jest Snapshot v1, https://goo.gl/fbAQLP

exports[`<LoginErrorMessage /> renders as expected 1`] = `
<div
  className="iap-login-form__error-msg"
>
  <button
    onClick={[MockFunction]}
    tabIndex={-1}
    type="button"
  >
    Hello, world!
  </button>
</div>
`;
