// Jest Snapshot v1, https://goo.gl/fbAQLP

exports[`<LoginButton /> renders as expected 1`] = `
<Button
  disabled={false}
  icon={null}
  onClick={[MockFunction]}
  stretch={true}
  transparent={false}
  type="submit"
>
  Sign In
</Button>
`;
