// Jest Snapshot v1, https://goo.gl/fbAQLP

exports[`<Dropdown /> renders nothing if children function was not provided 1`] = `""`;
