// Jest Snapshot v1, https://goo.gl/fbAQLP

exports[`<UsersMainView /> renders as expected 1`] = `
<section
  className="iap-management-section"
>
  <p
    className="iap-management-section__title"
  >
    Users
    <Button
      Icon={[Function]}
      disabled={false}
      error={false}
      iconClassName=""
      onClick={[Function]}
      stretch={false}
      transparent={false}
      type="button"
    >
      Create User
    </Button>
  </p>
  <p
    className="iap-management-section__description"
  >
    Look for users, edit, delete them and add new ones.
  </p>
  <SearchInput
    onChange={[Function]}
    placeholder="Search for users"
    timeout={400}
  />
  <UserList
    loading={false}
    users={
      Array [
        Object {
          "email": "email@gmail.com",
          "id": "1234",
          "latestLogin": "Never",
          "name": "John Doe",
          "numberOfLogins": 0,
        },
      ]
    }
  />
</section>
`;

exports[`<UsersMainView /> renders as expected with no users 1`] = `
<section
  className="iap-management-section"
>
  <UsersPlaceholder
    onCreateNewUserClick={[Function]}
  />
</section>
`;
