// Jest Snapshot v1, https://goo.gl/fbAQLP

exports[`<LoginScreen /> renders as expected 1`] = `
<LoginScreenLayout>
  <Connect(LoginForm) />
</LoginScreenLayout>
`;
