// Jest Snapshot v1, https://goo.gl/fbAQLP

exports[`<ManagementScreenHeader /> renders as expected 1`] = `
<header
  className="iap-management-header"
>
  <Container>
    <span
      className="iap-management-header__logo"
    >
      Identifo
    </span>
  </Container>
</header>
`;
